// Jest Snapshot v1, https://goo.gl/fbAQLP

exports[`WorksContent should render component 1`] = `
Object {
  "asFragment": [Function],
  "baseElement": <body>
    <div>
      <div
        class="works-content"
      >
        <div
          class="vertical-lines"
        >
          <div
            class="vertical-line"
          />
          <div
            class="vertical-line colored"
          />
          <div
            class="vertical-line colored"
          />
          <div
            class="vertical-line colored"
          />
          <div
            class="vertical-line"
          />
        </div>
        <div
          class="wrapper"
        >
          <h1
            class="page-title"
          >
            Works
          </h1>
          <div
            class="page-subtitle"
          >
            <hr />
            <h4>
              See my projects
            </h4>
            <hr />
          </div>
          <div
            class="works-list"
          >
            <ul />
          </div>
        </div>
      </div>
    </div>
  </body>,
  "container": <div>
    <div
      class="works-content"
    >
      <div
        class="vertical-lines"
      >
        <div
          class="vertical-line"
        />
        <div
          class="vertical-line colored"
        />
        <div
          class="vertical-line colored"
        />
        <div
          class="vertical-line colored"
        />
        <div
          class="vertical-line"
        />
      </div>
      <div
        class="wrapper"
      >
        <h1
          class="page-title"
        >
          Works
        </h1>
        <div
          class="page-subtitle"
        >
          <hr />
          <h4>
            See my projects
          </h4>
          <hr />
        </div>
        <div
          class="works-list"
        >
          <ul />
        </div>
      </div>
    </div>
  </div>,
  "debug": [Function],
  "findAllByAltText": [Function],
  "findAllByDisplayValue": [Function],
  "findAllByLabelText": [Function],
  "findAllByPlaceholderText": [Function],
  "findAllByRole": [Function],
  "findAllByTestId": [Function],
  "findAllByText": [Function],
  "findAllByTitle": [Function],
  "findByAltText": [Function],
  "findByDisplayValue": [Function],
  "findByLabelText": [Function],
  "findByPlaceholderText": [Function],
  "findByRole": [Function],
  "findByTestId": [Function],
  "findByText": [Function],
  "findByTitle": [Function],
  "getAllByAltText": [Function],
  "getAllByDisplayValue": [Function],
  "getAllByLabelText": [Function],
  "getAllByPlaceholderText": [Function],
  "getAllByRole": [Function],
  "getAllByTestId": [Function],
  "getAllByText": [Function],
  "getAllByTitle": [Function],
  "getByAltText": [Function],
  "getByDisplayValue": [Function],
  "getByLabelText": [Function],
  "getByPlaceholderText": [Function],
  "getByRole": [Function],
  "getByTestId": [Function],
  "getByText": [Function],
  "getByTitle": [Function],
  "queryAllByAltText": [Function],
  "queryAllByDisplayValue": [Function],
  "queryAllByLabelText": [Function],
  "queryAllByPlaceholderText": [Function],
  "queryAllByRole": [Function],
  "queryAllByTestId": [Function],
  "queryAllByText": [Function],
  "queryAllByTitle": [Function],
  "queryByAltText": [Function],
  "queryByDisplayValue": [Function],
  "queryByLabelText": [Function],
  "queryByPlaceholderText": [Function],
  "queryByRole": [Function],
  "queryByTestId": [Function],
  "queryByText": [Function],
  "queryByTitle": [Function],
  "rerender": [Function],
  "unmount": [Function],
}
`;
